-- The C compiler identification is GNU 16.1.0
-- The CXX compiler identification is GNU 16.1.0
-- Detecting C compiler ABI info
-- Detecting C compiler ABI info - done
-- Check for working C compiler: C:/msys64/mingw64/bin/cc.exe - skipped
-- Detecting C compile features
-- Detecting C compile features - done
-- Detecting CXX compiler ABI info
-- Detecting CXX compiler ABI info - done
-- Check for working CXX compiler: C:/msys64/mingw64/bin/c++.exe - skipped
-- Detecting CXX compile features
-- Detecting CXX compile features - done
-- Looking for __i386
-- Looking for __i386 - not found
-- Found PythonInterp: C:/msys64/mingw64/bin/python.exe (found version "3.14.5")
-- Performing Test FLAG_SUPPORTED_Wall
-- Performing Test FLAG_SUPPORTED_Wall - Success
-- Performing Test FLAG_SUPPORTED_Wdeclaration_after_statement
-- Performing Test FLAG_SUPPORTED_Wdeclaration_after_statement - Success
-- Performing Test FLAG_SUPPORTED_Wextra
-- Performing Test FLAG_SUPPORTED_Wextra - Success
-- Performing Test FLAG_SUPPORTED_Wno_unused_parameter
-- Performing Test FLAG_SUPPORTED_Wno_unused_parameter - Success
-- Performing Test FLAG_SUPPORTED_Wno_missing_field_initializers
-- Performing Test FLAG_SUPPORTED_Wno_missing_field_initializers - Success
-- Performing Test FLAG_SUPPORTED_Wformat_2
-- Performing Test FLAG_SUPPORTED_Wformat_2 - Success
-- Performing Test FLAG_SUPPORTED_Wno_implicit_function_declaration
-- Performing Test FLAG_SUPPORTED_Wno_implicit_function_declaration - Success
-- Performing Test DEFINE_FORTIFY_SOURCE
-- Performing Test DEFINE_FORTIFY_SOURCE - Success
-- Found PkgConfig: C:/msys64/mingw64/bin/pkg-config.exe (found version "2.5.1")
-- Found ZLIB: src/engine/external/zlib
-- Found Git: C:/Program Files/Git/cmd/git.exe (found version "2.55.0.windows.5")
-- Could NOT find GTest (missing: GTEST_LIBRARY GTEST_INCLUDE_DIR GTEST_MAIN_LIBRARY) 
-- Performing Test CMAKE_HAVE_LIBC_PTHREAD
-- Performing Test CMAKE_HAVE_LIBC_PTHREAD - Success
-- Found Threads: TRUE
-- ******** Teeworlds ********
-- Target OS: windows 64bit
-- Compiler: C:/msys64/mingw64/bin/c++.exe
-- Build type: Release
-- Dependencies:
--  * OpenSSL Crypto not found
--  * PythonInterp found
--  * Zlib not found (using bundled version)
-- To run the tests, you have to install GTest
-- Configuring done (4.7s)
-- Generating done (0.1s)
-- Build files have been written to: C:/Users/tailznic/Downloads/SNH/build-sah
